
Discarded input sections

 .note.GNU-stack
                0x0000000000000000        0x0 dvrmain.o
 .note.GNU-stack
                0x0000000000000000        0x0 util.o
 .note.GNU-stack
                0x0000000000000000        0x0 flashdev_n.o
 .note.GNU-stack
                0x0000000000000000        0x0 flashdev_s.o
 .note.GNU-stack
                0x0000000000000000        0x0 flashdev_e.o
 .note.GNU-stack
                0x0000000000000000        0x0 rtkemmc.o
 .note.GNU-stack
                0x0000000000000000        0x0 strlen.o
 .note.GNU-stack
                0x0000000000000000        0x0 strstr.o
 .note.GNU-stack
                0x0000000000000000        0x0 strtoul.o
 .note.GNU-stack
                0x0000000000000000        0x0 ctype.o
 .note.GNU-stack
                0x0000000000000000        0x0 mcp.o
 .note.GNU-stack
                0x0000000000000000        0x0 otp.o
 .note.GNU-stack
                0x0000000000000000        0x0 timer.o
 .note.GNU-stack
                0x0000000000000000        0x0 cache.o
 .note.GNU-stack
                0x0000000000000000        0x0 BootPartition_wrapper.o
 .note.GNU-stack
                0x0000000000000000        0x0 printf.o
 .note.GNU-stack
                0x0000000000000000        0x0 TinyStdio/tinystdio.o

Memory Configuration

Name             Origin             Length             Attributes
*default*        0x0000000000000000 0xffffffffffffffff

Linker script and memory map

Address of section .text set to 0x1500000
LOAD temp_target_array.o
LOAD start64.o
LOAD cache64.o
LOAD dvrmain.o
LOAD util.o
LOAD flashdev_n.o
LOAD flashdev_s.o
LOAD flashdev_e.o
LOAD rtkemmc.o
LOAD strlen.o
LOAD strstr.o
LOAD strtoul.o
LOAD ctype.o
LOAD mcp.o
LOAD otp.o
LOAD timer.o
LOAD cache.o
LOAD BootPartition_wrapper.o
LOAD printf.o
LOAD TinyStdio/tinystdio.o
LOAD /media/dangku/mywork/w2/linux/openwrt/BPI-W2-openwrt-lede/Bootcode/U-Boot64/toolchain/asdk64-4.9.3-a53-EL-3.10-g2.19-a64nt-150615/bin/../lib/gcc/aarch64-linux-gnu/4.9.3/libgcc.a
                0x0000000000400000                PROVIDE (__executable_start, 0x400000)
                0x00000000004000e8                . = (0x400000 + SIZEOF_HEADERS)

.interp
 *(.interp)

.note.gnu.build-id
 *(.note.gnu.build-id)

.hash
 *(.hash)

.gnu.hash
 *(.gnu.hash)

.dynsym
 *(.dynsym)

.dynstr
 *(.dynstr)

.gnu.version
 *(.gnu.version)

.gnu.version_d
 *(.gnu.version_d)

.gnu.version_r
 *(.gnu.version_r)

.rela.dyn
 *(.rela.init)
 *(.rela.text .rela.text.* .rela.gnu.linkonce.t.*)
 *(.rela.fini)
 *(.rela.rodata .rela.rodata.* .rela.gnu.linkonce.r.*)
 *(.rela.data .rela.data.* .rela.gnu.linkonce.d.*)
 *(.rela.tdata .rela.tdata.* .rela.gnu.linkonce.td.*)
 *(.rela.tbss .rela.tbss.* .rela.gnu.linkonce.tb.*)
 *(.rela.ctors)
 *(.rela.dtors)
 *(.rela.got)
 *(.rela.bss .rela.bss.* .rela.gnu.linkonce.b.*)
 *(.rela.ifunc)

.rela.plt       0x00000000004000e8        0x0
 *(.rela.plt)
                0x00000000004000e8                PROVIDE (__rela_iplt_start, .)
 *(.rela.iplt)
 .rela.iplt     0x0000000000000000        0x0 start64.o
                0x00000000004000e8                PROVIDE (__rela_iplt_end, .)

.init
 *(SORT(.init))

.plt            0x00000000004000f0        0x0
 *(.plt)
 *(.iplt)
 .iplt          0x0000000000000000        0x0 start64.o

.text           0x0000000001500000     0x81a0
 *(.text.unlikely .text.*_unlikely .text.unlikely.*)
 *(.text.exit .text.exit.*)
 *(.text.startup .text.startup.*)
 *(.text.hot .text.hot.*)
 *(.text .stub .text.* .gnu.linkonce.t.*)
 .text          0x0000000001500000        0x0 temp_target_array.o
 .text          0x0000000001500000       0x80 start64.o
                0x0000000001500000                start
                0x0000000001500028                _stack_start
                0x0000000001500030                _stack_start1
 .text          0x0000000001500080      0x120 cache64.o
                0x0000000001500080                __asm_flush_dcache_level
                0x00000000015000f0                __flush_cache_all
                0x0000000001500150                __invalidate_tlb_all
 .text          0x00000000015001a0     0x11ec dvrmain.o
                0x00000000015001a0                align_to_boundary
                0x00000000015001b4                align_to_boundary_length
                0x00000000015001d0                set_spi_pin_mux
                0x00000000015001e8                set_nand_pin_mux
                0x00000000015001fc                set_emmc_freq
                0x0000000001500244                set_emmc_pin_mux
                0x000000000150027c                rebuild_function_pointer_from_uboot_to_dvrmain
                0x000000000150033c                dvrmain
 .text          0x000000000150138c      0x57c util.o
                0x00000000015013b0                sync
                0x00000000015013c8                init_uart
                0x000000000150142c                set_focus_uart
                0x0000000001501450                print_val
                0x00000000015014b4                print_hex
                0x00000000015014bc                sys_dcache_flush_all
                0x00000000015014c0                put_char
                0x00000000015014e0                hexstr2int
                0x00000000015014ec                simple_malloc
                0x0000000001501548                is_hex_digit
                0x0000000001501584                memset
                0x00000000015015f4                prints
                0x0000000001501678                wait_done
                0x00000000015016e4                hexdump
                0x00000000015017b0                set_memory
                0x00000000015017d4                copy_memory
                0x0000000001501864                compare_memory
                0x000000000150189c                compare_str
                0x00000000015018d0                swap_endian
                0x00000000015018d8                watchdog_reset
                0x0000000001501904                __div0
 .text          0x0000000001501908     0x2ad0 flashdev_n.o
                0x000000000150279c                do_erase_n
                0x00000000015028dc                do_erase_map
                0x0000000001502978                do_write_n
                0x0000000001502ccc                do_write_map
                0x0000000001502ee8                do_identify_n
                0x0000000001503310                do_init_n
                0x00000000015035f4                write_bbt
                0x0000000001503714                check_build_bbt
                0x0000000001503a1c                do_exit_n
                0x0000000001503dc8                get_env_n
                0x0000000001503f48                save_env_n
                0x0000000001504094                do_read_n
 .text          0x00000000015043d8      0x910 flashdev_s.o
                0x0000000001504424                _sync
                0x0000000001504428                spi_switch_read_mode
                0x0000000001504454                spi_hexdump
                0x00000000015044e0                do_erase_s
                0x00000000015048ac                do_write_s
                0x00000000015049bc                do_identify_s
                0x0000000001504c4c                do_init_s
                0x0000000001504cd0                do_exit_s
 .text          0x0000000001504ce8      0x308 flashdev_e.o
                0x0000000001504ce8                do_erase_e
                0x0000000001504cf0                do_write_e
                0x0000000001504dbc                do_read_e
                0x0000000001504e88                do_identify_e
                0x0000000001504e98                do_init_e
                0x0000000001504ebc                do_exit_e
                0x0000000001504ec0                do_hide_hwsetting_e
 .text          0x0000000001504ff0      0xec0 rtkemmc.o
                0x0000000001504ff0                check_error
                0x0000000001505108                reset_ip
                0x000000000150511c                emmc_send_cmd_get_rsp
                0x0000000001505204                frequency
                0x0000000001505370                switch_bus
                0x00000000015054b0                kylin_cr_init
                0x0000000001505840                rtk_eMMC_init
                0x0000000001505990                switch_speed
                0x0000000001505a3c                IsAddressSRAM
                0x0000000001505a54                make_ip_des
                0x0000000001505ad8                emmc_read_write_ip
                0x0000000001505c84                rtk_eMMC_write
                0x0000000001505d58                rtk_eMMC_read
                0x0000000001505e2c                emmc_switch_partition
 .text          0x0000000001505eb0       0x20 strlen.o
                0x0000000001505eb0                strlen
 .text          0x0000000001505ed0       0x6c strstr.o
                0x0000000001505ed0                strstr
 .text          0x0000000001505f3c      0x178 strtoul.o
                0x0000000001505f3c                strtoul
 .text          0x00000000015060b4        0x0 ctype.o
 .text          0x00000000015060b4      0x75c mcp.o
                0x0000000001506260                AES_CBC_decrypt
                0x0000000001506314                AES_CBC_encrypt
                0x00000000015063c8                AES_ECB_decrypt
                0x0000000001506484                AES_ECB_encrypt
                0x0000000001506540                AES_hash_one
                0x00000000015065d4                AES_hash
                0x0000000001506738                SHA1_hash
 .text          0x0000000001506810       0xbc otp.o
                0x0000000001506810                get_boot_flash_type_from_gpio
                0x0000000001506864                OTP_JUDGE_BIT
                0x0000000001506894                get_secure_type_from_efuse
                0x00000000015068b8                check_secure_boot
                0x00000000015068c0                get_secure_type_name
 .text          0x00000000015068cc      0x12c timer.o
                0x00000000015068cc                InitTimer
                0x0000000001506924                DisableTimer
                0x0000000001506958                SystemTimeout
                0x0000000001506984                mdelay
                0x00000000015069c0                udelay
 .text          0x00000000015069f8      0x178 cache.o
                0x00000000015069f8                v7_maint_dcache_all
                0x0000000001506ae4                disable_dcache
 .text          0x0000000001506b70       0xf0 BootPartition_wrapper.o
                0x0000000001506b70                BootPart_wrapper_read
                0x0000000001506ba0                BootPart_wrapper_write
                0x0000000001506bd0                BootPart_wrapper_VerifyData
                0x0000000001506c28                InitBootPartitionOpes
 .text          0x0000000001506c60       0xc4 printf.o
                0x0000000001506c60                __printf
 *fill*         0x0000000001506d24        0x4 00000000
 .text          0x0000000001506d28     0x1478 TinyStdio/tinystdio.o
                0x0000000001507110                s_to_float
                0x00000000015071b8                tfp_format
                0x0000000001507984                init_printf
                0x0000000001507998                tfp_printf
                0x0000000001507a34                tfp_vsnprintf
                0x0000000001507aa8                tfp_snprintf
                0x0000000001507b28                tfp_vsprintf
                0x0000000001507b78                tfp_sprintf
                0x0000000001507bfc                float_to_s
                0x0000000001507c58                tfp_vsscanf
 *(.gnu.warning)

.fini
 *(SORT(.fini))
                0x00000000015081a0                PROVIDE (__etext, .)
                0x00000000015081a0                PROVIDE (_etext, .)
                0x00000000015081a0                PROVIDE (etext, .)

.rodata         0x00000000015081a0     0x2770
 *(.rodata .rodata.* .gnu.linkonce.r.*)
 .rodata.str1.1
                0x00000000015081a0      0x417 dvrmain.o
                                        0x419 (size before relaxing)
 *fill*         0x00000000015085b7        0x1 
 .rodata        0x00000000015085b8        0x8 util.o
 .rodata.str1.1
                0x00000000015085c0       0x19 util.o
                                         0x1d (size before relaxing)
 *fill*         0x00000000015085d9        0x7 
 .rodata        0x00000000015085e0      0xc00 flashdev_n.o
 .rodata.str1.1
                0x00000000015091e0      0x7b7 flashdev_n.o
                                        0x7b9 (size before relaxing)
 *fill*         0x0000000001509997        0x1 
 .rodata        0x0000000001509998      0x588 flashdev_s.o
 .rodata.str1.1
                0x0000000001509f20      0x485 flashdev_s.o
                                        0x487 (size before relaxing)
 .rodata.str1.1
                0x000000000150a3a5      0x10a flashdev_e.o
 *fill*         0x000000000150a4af        0x1 
 .rodata        0x000000000150a4b0      0x140 rtkemmc.o
                0x000000000150a4b8                clk_tlb
                0x000000000150a4f8                bit_tlb
                0x000000000150a518                state_tlb
                0x000000000150a560                tacc_mant
                0x000000000150a5a0                tacc_exp
                0x000000000150a5c0                tran_mant
                0x000000000150a5d0                tran_exp
 .rodata.str1.1
                0x000000000150a5f0       0x9e rtkemmc.o
 *fill*         0x000000000150a68e        0x2 
 .rodata.str1.8
                0x000000000150a690      0x268 rtkemmc.o
                                        0x270 (size before relaxing)
 .rodata.str1.1
                0x000000000150a8f8       0x11 otp.o
 .rodata.str1.1
                0x000000000150a909        0x7 TinyStdio/tinystdio.o
                                          0xd (size before relaxing)

.rodata1
 *(.rodata1)

.eh_frame_hdr
 *(.eh_frame_hdr)

.eh_frame
 *(.eh_frame)

.gcc_except_table
 *(.gcc_except_table .gcc_except_table.*)

.exception_ranges
 *(.exception_ranges .exception_ranges*)
                0x000000000150a910                . = (ALIGN (0x10000) - ((0x10000 - .) & 0xffff))
                0x000000000151a910                . = DATA_SEGMENT_ALIGN (0x10000, 0x1000)

.eh_frame
 *(.eh_frame)

.gcc_except_table
 *(.gcc_except_table .gcc_except_table.*)

.exception_ranges
 *(.exception_ranges .exception_ranges*)

.tdata
 *(.tdata .tdata.* .gnu.linkonce.td.*)

.tbss
 *(.tbss .tbss.* .gnu.linkonce.tb.*)
 *(.tcommon)

.preinit_array  0x000000000151a910        0x0
                0x000000000151a910                PROVIDE (__preinit_array_start, .)
 *(.preinit_array)
                0x000000000151a910                PROVIDE (__preinit_array_end, .)

.init_array     0x000000000151a910        0x0
                0x000000000151a910                PROVIDE (__init_array_start, .)
 *(SORT(.init_array.*))
 *(.init_array)
                0x000000000151a910                PROVIDE (__init_array_end, .)

.fini_array     0x000000000151a910        0x0
                0x000000000151a910                PROVIDE (__fini_array_start, .)
 *(SORT(.fini_array.*))
 *(.fini_array)
                0x000000000151a910                PROVIDE (__fini_array_end, .)

.ctors
 *crtbegin.o(.ctors)
 *crtbegin?.o(.ctors)
 *(EXCLUDE_FILE(*crtend?.o *crtend.o) .ctors)
 *(SORT(.ctors.*))
 *(.ctors)

.dtors
 *crtbegin.o(.dtors)
 *crtbegin?.o(.dtors)
 *(EXCLUDE_FILE(*crtend?.o *crtend.o) .dtors)
 *(SORT(.dtors.*))
 *(.dtors)

.jcr
 *(.jcr)

.data.rel.ro
 *(.data.rel.ro.local* .gnu.linkonce.d.rel.ro.local.*)
 *(.data.rel.ro .data.rel.ro.* .gnu.linkonce.d.rel.ro.*)

.dynamic
 *(.dynamic)

.got
 *(.got)
 *(.igot)
                0x000000000151a910                . = DATA_SEGMENT_RELRO_END (., 0x18)

.got.plt        0x000000000151a910        0x0
 *(.got.plt)
 *(.igot.plt)
 .igot.plt      0x0000000000000000        0x0 start64.o

.data           0x000000000151a910   0x1253f8
                0x000000000151a910                PROVIDE (__data_start, .)
 *(.data .data.* .gnu.linkonce.d.*)
 .data          0x000000000151a910   0x1252d4 temp_target_array.o
                0x000000000151a910                resetrom
                0x000000000152d7d8                resetrom_end
                0x000000000152d7dc                mips_resetrom
                0x000000000152db24                mips_resetrom_end
                0x000000000152db28                hwsetting
                0x000000000152e7a8                hwsetting_end
                0x000000000152e7ac                hasharray
                0x00000000015ab22c                hasharray_end
                0x00000000015ab230                hasharray64
                0x00000000015ab230                hasharray64_end
                0x00000000015ab234                signature
                0x00000000015ab254                signature_end
                0x00000000015ab258                bootcode2_boot_hasharray_end
                0x00000000015ab258                bootcode2_boot_hasharray
                0x00000000015ab25c                bootcode2_boot_signature
                0x00000000015ab25c                bootcode2_boot_signature_end
                0x00000000015ab260                ecbarray_end
                0x00000000015ab260                ecbarray
                0x00000000015ab264                linux_rescue_hasharray_end
                0x00000000015ab264                linux_rescue_hasharray
                0x00000000015ab268                linux_rescue_signature_end
                0x00000000015ab268                linux_rescue_signature
                0x00000000015ab26c                fsbl
                0x00000000015bcb2c                fsbl_end
                0x00000000015bcb30                fsbl_signature
                0x00000000015bcb50                fsbl_signature_end
                0x00000000015bcb54                fsbl_os
                0x000000000163ab14                fsbl_os_end
                0x000000000163ab18                fsbl_os_signature
                0x000000000163ab38                fsbl_os_signature_end
                0x000000000163ab3c                bl31
                0x000000000163fb7c                bl31_end
                0x000000000163fb80                bl31_signature
                0x000000000163fba0                bl31_signature_end
                0x000000000163fba4                rsa_pub
                0x000000000163fba4                rsa_pub_end
                0x000000000163fba8                Kpublic_fw
                0x000000000163fba8                Kpublic_fw_end
                0x000000000163fbac                Kpublic_tee
                0x000000000163fbac                Kpublic_tee_end
                0x000000000163fbb0                Kpublic_fw_signature
                0x000000000163fbb0                Kpublic_fw_signature_end
                0x000000000163fbb4                Kpublic_tee_signature
                0x000000000163fbb4                Kpublic_tee_signature_end
                0x000000000163fbb8                cbc_linux
                0x000000000163fbb8                cbc_linux_end
                0x000000000163fbbc                hwsetting_sig_image_end
                0x000000000163fbbc                hwsetting_sig_image
                0x000000000163fbc0                dcas_key_sig_image_end
                0x000000000163fbc0                dcas_key_sig_image
                0x000000000163fbc4                logo_end
                0x000000000163fbc4                logo
                0x000000000163fbc8                logo2
                0x000000000163fbc8                logo2_end
                0x000000000163fbcc                logo3_end
                0x000000000163fbcc                logo3
                0x000000000163fbd0                logo4
                0x000000000163fbd0                logo4_end
                0x000000000163fbd4                logo5_end
                0x000000000163fbd4                logo5
                0x000000000163fbd8                logo6
                0x000000000163fbd8                logo6_end
                0x000000000163fbdc                logo7
                0x000000000163fbdc                logo7_end
                0x000000000163fbe0                logo8
                0x000000000163fbe0                logo8_end
 .data          0x000000000163fbe4        0x0 start64.o
 .data          0x000000000163fbe4        0x0 cache64.o
 .data          0x000000000163fbe4        0x0 dvrmain.o
 *fill*         0x000000000163fbe4        0x4 
 .data          0x000000000163fbe8       0x10 util.o
                0x000000000163fbe8                UartReg
 .data          0x000000000163fbf8        0x0 flashdev_n.o
 .data          0x000000000163fbf8        0x0 flashdev_s.o
 .data          0x000000000163fbf8        0x0 flashdev_e.o
 .data          0x000000000163fbf8       0x10 rtkemmc.o
                0x000000000163fc00                rw_descriptor
 .data          0x000000000163fc08        0x0 strlen.o
 .data          0x000000000163fc08        0x0 strstr.o
 .data          0x000000000163fc08        0x0 strtoul.o
 .data          0x000000000163fc08      0x100 ctype.o
                0x000000000163fc08                _ctype
 .data          0x000000000163fd08        0x0 mcp.o
 .data          0x000000000163fd08        0x0 otp.o
 .data          0x000000000163fd08        0x0 timer.o
 .data          0x000000000163fd08        0x0 cache.o
 .data          0x000000000163fd08        0x0 BootPartition_wrapper.o
 .data          0x000000000163fd08        0x0 printf.o
 .data          0x000000000163fd08        0x0 TinyStdio/tinystdio.o

.data1
 *(.data1)
                0x000000000163fd08                _edata = .
                0x000000000163fd08                PROVIDE (edata, .)
                0x000000000163fd08                . = .
                0x000000000163fd08                __bss_start = .
                0x000000000163fd08                __bss_start__ = .

.bss            0x000000000163fd08      0x150
 *(.dynbss)
 *(.bss .bss.* .gnu.linkonce.b.*)
 .bss           0x000000000163fd08        0x0 temp_target_array.o
 .bss           0x000000000163fd08        0x0 start64.o
 .bss           0x000000000163fd08        0x0 cache64.o
 .bss           0x000000000163fd08       0x20 dvrmain.o
                0x000000000163fd08                rtprintf
                0x000000000163fd10                rtflush_dcache_all
                0x000000000163fd18                rtflush_cache
                0x000000000163fd20                force_secure
                0x000000000163fd21                test_secure
                0x000000000163fd22                noreset
                0x000000000163fd23                verify_after_write
 .bss           0x000000000163fd28        0x8 util.o
                0x000000000163fd2c                sys_l2cache_enabled
 .bss           0x000000000163fd30       0x48 flashdev_n.o
                0x000000000163fd3c                total_chip_num
                0x000000000163fd40                pages_per_chip
                0x000000000163fd44                pages_per_block
                0x000000000163fd4c                blocks_per_flash
 .bss           0x000000000163fd78        0x0 flashdev_s.o
 .bss           0x000000000163fd78        0x0 flashdev_e.o
 .bss           0x000000000163fd78       0xc8 rtkemmc.o
                0x000000000163fd78                emmc_card
                0x000000000163fe30                dummy_512B
                0x000000000163fe38                cr_int_status_reg
 .bss           0x000000000163fe40        0x0 strlen.o
 .bss           0x000000000163fe40        0x0 strstr.o
 .bss           0x000000000163fe40        0x0 strtoul.o
 .bss           0x000000000163fe40        0x0 ctype.o
 .bss           0x000000000163fe40        0x4 mcp.o
                0x000000000163fe40                mcp_dscpt_addr
 .bss           0x000000000163fe44        0x0 otp.o
 .bss           0x000000000163fe44        0x0 timer.o
 .bss           0x000000000163fe44        0x0 cache.o
 .bss           0x000000000163fe44        0x0 BootPartition_wrapper.o
 .bss           0x000000000163fe44        0x0 printf.o
 *fill*         0x000000000163fe44        0x4 
 .bss           0x000000000163fe48       0x10 TinyStdio/tinystdio.o
 *(COMMON)
                0x000000000163fe58                . = ALIGN ((. != 0x0)?0x8:0x1)
                0x000000000163fe58                _bss_end__ = .
                0x000000000163fe58                __bss_end__ = .
                0x000000000163fe58                . = ALIGN (0x8)
                0x000000000163fe58                . = SEGMENT_START ("ldata-segment", .)
                0x000000000163fe58                . = ALIGN (0x8)
                0x000000000163fe58                __end__ = .
                0x000000000163fe58                _end = .
                0x000000000163fe58                PROVIDE (end, .)
                0x000000000163fe58                . = DATA_SEGMENT_END (.)

.stab
 *(.stab)

.stabstr
 *(.stabstr)

.stab.excl
 *(.stab.excl)

.stab.exclstr
 *(.stab.exclstr)

.stab.index
 *(.stab.index)

.stab.indexstr
 *(.stab.indexstr)

.comment        0x0000000000000000       0x43
 *(.comment)
 .comment       0x0000000000000000       0x43 dvrmain.o
                                         0x44 (size before relaxing)
 .comment       0x0000000000000000       0x44 util.o
 .comment       0x0000000000000000       0x44 flashdev_n.o
 .comment       0x0000000000000000       0x44 flashdev_s.o
 .comment       0x0000000000000000       0x44 flashdev_e.o
 .comment       0x0000000000000000       0x44 rtkemmc.o
 .comment       0x0000000000000000       0x44 strlen.o
 .comment       0x0000000000000000       0x44 strstr.o
 .comment       0x0000000000000000       0x44 strtoul.o
 .comment       0x0000000000000000       0x44 ctype.o
 .comment       0x0000000000000000       0x44 mcp.o
 .comment       0x0000000000000000       0x44 otp.o
 .comment       0x0000000000000000       0x44 timer.o
 .comment       0x0000000000000000       0x44 cache.o
 .comment       0x0000000000000000       0x44 BootPartition_wrapper.o
 .comment       0x0000000000000000       0x44 printf.o
 .comment       0x0000000000000000       0x44 TinyStdio/tinystdio.o

.debug
 *(.debug)

.line
 *(.line)

.debug_srcinfo
 *(.debug_srcinfo)

.debug_sfnames
 *(.debug_sfnames)

.debug_aranges  0x0000000000000000      0x320
 *(.debug_aranges)
 .debug_aranges
                0x0000000000000000       0x30 dvrmain.o
 .debug_aranges
                0x0000000000000030       0x30 util.o
 .debug_aranges
                0x0000000000000060       0x30 flashdev_n.o
 .debug_aranges
                0x0000000000000090       0x30 flashdev_s.o
 .debug_aranges
                0x00000000000000c0       0x30 flashdev_e.o
 .debug_aranges
                0x00000000000000f0       0x30 rtkemmc.o
 .debug_aranges
                0x0000000000000120       0x30 strlen.o
 .debug_aranges
                0x0000000000000150       0x30 strstr.o
 .debug_aranges
                0x0000000000000180       0x30 strtoul.o
 .debug_aranges
                0x00000000000001b0       0x20 ctype.o
 .debug_aranges
                0x00000000000001d0       0x30 mcp.o
 .debug_aranges
                0x0000000000000200       0x30 otp.o
 .debug_aranges
                0x0000000000000230       0x30 timer.o
 .debug_aranges
                0x0000000000000260       0x30 cache.o
 .debug_aranges
                0x0000000000000290       0x30 BootPartition_wrapper.o
 .debug_aranges
                0x00000000000002c0       0x30 printf.o
 .debug_aranges
                0x00000000000002f0       0x30 TinyStdio/tinystdio.o

.debug_pubnames
 *(.debug_pubnames)

.debug_info     0x0000000000000000    0x116c8
 *(.debug_info .gnu.linkonce.wi.*)
 .debug_info    0x0000000000000000     0x29ef dvrmain.o
 .debug_info    0x00000000000029ef      0xf38 util.o
 .debug_info    0x0000000000003927     0x6c8b flashdev_n.o
 .debug_info    0x000000000000a5b2     0x1b8b flashdev_s.o
 .debug_info    0x000000000000c13d      0xabf flashdev_e.o
 .debug_info    0x000000000000cbfc     0x1be6 rtkemmc.o
 .debug_info    0x000000000000e7e2       0xbb strlen.o
 .debug_info    0x000000000000e89d       0xdb strstr.o
 .debug_info    0x000000000000e978      0x153 strtoul.o
 .debug_info    0x000000000000eacb       0x51 ctype.o
 .debug_info    0x000000000000eb1c      0xb29 mcp.o
 .debug_info    0x000000000000f645      0x1ea otp.o
 .debug_info    0x000000000000f82f      0x390 timer.o
 .debug_info    0x000000000000fbbf      0x66b cache.o
 .debug_info    0x000000000001022a      0x418 BootPartition_wrapper.o
 .debug_info    0x0000000000010642      0x1c1 printf.o
 .debug_info    0x0000000000010803      0xec5 TinyStdio/tinystdio.o

.debug_abbrev   0x0000000000000000     0x22f5
 *(.debug_abbrev)
 .debug_abbrev  0x0000000000000000      0x378 dvrmain.o
 .debug_abbrev  0x0000000000000378      0x3b0 util.o
 .debug_abbrev  0x0000000000000728      0x43c flashdev_n.o
 .debug_abbrev  0x0000000000000b64      0x362 flashdev_s.o
 .debug_abbrev  0x0000000000000ec6      0x244 flashdev_e.o
 .debug_abbrev  0x000000000000110a      0x384 rtkemmc.o
 .debug_abbrev  0x000000000000148e       0x74 strlen.o
 .debug_abbrev  0x0000000000001502       0x83 strstr.o
 .debug_abbrev  0x0000000000001585       0xc0 strtoul.o
 .debug_abbrev  0x0000000000001645       0x3e ctype.o
 .debug_abbrev  0x0000000000001683      0x2b9 mcp.o
 .debug_abbrev  0x000000000000193c       0xf1 otp.o
 .debug_abbrev  0x0000000000001a2d      0x147 timer.o
 .debug_abbrev  0x0000000000001b74      0x168 cache.o
 .debug_abbrev  0x0000000000001cdc      0x191 BootPartition_wrapper.o
 .debug_abbrev  0x0000000000001e6d      0x11b printf.o
 .debug_abbrev  0x0000000000001f88      0x36d TinyStdio/tinystdio.o

.debug_line     0x0000000000000000     0x2f78
 *(.debug_line .debug_line.* .debug_line_end)
 .debug_line    0x0000000000000000      0x4e9 dvrmain.o
 .debug_line    0x00000000000004e9      0x2a0 util.o
 .debug_line    0x0000000000000789      0xd4a flashdev_n.o
 .debug_line    0x00000000000014d3      0x489 flashdev_s.o
 .debug_line    0x000000000000195c      0x14a flashdev_e.o
 .debug_line    0x0000000000001aa6      0x3d9 rtkemmc.o
 .debug_line    0x0000000000001e7f       0x3f strlen.o
 .debug_line    0x0000000000001ebe       0x53 strstr.o
 .debug_line    0x0000000000001f11      0x10d strtoul.o
 .debug_line    0x000000000000201e       0x28 ctype.o
 .debug_line    0x0000000000002046      0x2a5 mcp.o
 .debug_line    0x00000000000022eb       0xdb otp.o
 .debug_line    0x00000000000023c6      0x116 timer.o
 .debug_line    0x00000000000024dc      0x127 cache.o
 .debug_line    0x0000000000002603      0x186 BootPartition_wrapper.o
 .debug_line    0x0000000000002789      0x193 printf.o
 .debug_line    0x000000000000291c      0x65c TinyStdio/tinystdio.o

.debug_frame    0x0000000000000000     0x1838
 *(.debug_frame)
 .debug_frame   0x0000000000000000      0x118 dvrmain.o
 .debug_frame   0x0000000000000118      0x2d0 util.o
 .debug_frame   0x00000000000003e8      0x690 flashdev_n.o
 .debug_frame   0x0000000000000a78      0x1d8 flashdev_s.o
 .debug_frame   0x0000000000000c50      0x140 flashdev_e.o
 .debug_frame   0x0000000000000d90      0x2d0 rtkemmc.o
 .debug_frame   0x0000000000001060       0x28 strlen.o
 .debug_frame   0x0000000000001088       0x28 strstr.o
 .debug_frame   0x00000000000010b0       0x28 strtoul.o
 .debug_frame   0x00000000000010d8      0x270 mcp.o
 .debug_frame   0x0000000000001348       0x98 otp.o
 .debug_frame   0x00000000000013e0       0xa8 timer.o
 .debug_frame   0x0000000000001488       0x60 cache.o
 .debug_frame   0x00000000000014e8       0xa8 BootPartition_wrapper.o
 .debug_frame   0x0000000000001590       0x40 printf.o
 .debug_frame   0x00000000000015d0      0x268 TinyStdio/tinystdio.o

.debug_str      0x0000000000000000     0x2ab2
 *(.debug_str)
 .debug_str     0x0000000000000000     0x1413 dvrmain.o
                                       0x1552 (size before relaxing)
 .debug_str     0x0000000000001413      0x2bd util.o
                                        0x561 (size before relaxing)
 .debug_str     0x00000000000016d0      0x7ed flashdev_n.o
                                        0xb61 (size before relaxing)
 .debug_str     0x0000000000001ebd       0xae flashdev_s.o
                                        0x350 (size before relaxing)
 .debug_str     0x0000000000001f6b      0x29a flashdev_e.o
                                        0x4ee (size before relaxing)
 .debug_str     0x0000000000002205      0x2ab rtkemmc.o
                                        0x6fa (size before relaxing)
 .debug_str     0x00000000000024b0        0x9 strlen.o
                                        0x1a4 (size before relaxing)
 .debug_str     0x00000000000024b9       0x10 strstr.o
                                        0x1a4 (size before relaxing)
 .debug_str     0x00000000000024c9       0x26 strtoul.o
                                        0x1c7 (size before relaxing)
 .debug_str     0x00000000000024ef        0x8 ctype.o
                                        0x131 (size before relaxing)
 .debug_str     0x00000000000024f7       0xda mcp.o
                                        0x30d (size before relaxing)
 .debug_str     0x00000000000025d1       0xae otp.o
                                        0x276 (size before relaxing)
 .debug_str     0x000000000000267f       0x77 timer.o
                                        0x220 (size before relaxing)
 .debug_str     0x00000000000026f6      0x142 cache.o
                                        0x33d (size before relaxing)
 .debug_str     0x0000000000002838       0x78 BootPartition_wrapper.o
                                        0x2e4 (size before relaxing)
 .debug_str     0x00000000000028b0       0x6b printf.o
                                        0x227 (size before relaxing)
 .debug_str     0x000000000000291b      0x197 TinyStdio/tinystdio.o
                                        0x406 (size before relaxing)

.debug_loc      0x0000000000000000     0xf817
 *(.debug_loc)
 .debug_loc     0x0000000000000000     0x13fc dvrmain.o
 .debug_loc     0x00000000000013fc      0xc2a util.o
 .debug_loc     0x0000000000002026     0x597e flashdev_n.o
 .debug_loc     0x00000000000079a4     0x144c flashdev_s.o
 .debug_loc     0x0000000000008df0      0xa53 flashdev_e.o
 .debug_loc     0x0000000000009843     0x1081 rtkemmc.o
 .debug_loc     0x000000000000a8c4       0x8c strlen.o
 .debug_loc     0x000000000000a950       0xae strstr.o
 .debug_loc     0x000000000000a9fe      0x47d strtoul.o
 .debug_loc     0x000000000000ae7b     0x152f mcp.o
 .debug_loc     0x000000000000c3aa      0x21d otp.o
 .debug_loc     0x000000000000c5c7      0x3a5 timer.o
 .debug_loc     0x000000000000c96c      0x4c1 cache.o
 .debug_loc     0x000000000000ce2d      0x3fc BootPartition_wrapper.o
 .debug_loc     0x000000000000d229       0x95 printf.o
 .debug_loc     0x000000000000d2be     0x2559 TinyStdio/tinystdio.o

.debug_macinfo
 *(.debug_macinfo)

.debug_weaknames
 *(.debug_weaknames)

.debug_funcnames
 *(.debug_funcnames)

.debug_typenames
 *(.debug_typenames)

.debug_varnames
 *(.debug_varnames)

.debug_pubtypes
 *(.debug_pubtypes)

.debug_ranges   0x0000000000000000     0x1710
 *(.debug_ranges)
 .debug_ranges  0x0000000000000000       0xc0 dvrmain.o
 .debug_ranges  0x00000000000000c0       0xb0 util.o
 .debug_ranges  0x0000000000000170      0xdd0 flashdev_n.o
 .debug_ranges  0x0000000000000f40      0x410 flashdev_s.o
 .debug_ranges  0x0000000000001350       0xf0 rtkemmc.o
 .debug_ranges  0x0000000000001440      0x150 mcp.o
 .debug_ranges  0x0000000000001590       0x30 cache.o
 .debug_ranges  0x00000000000015c0      0x150 TinyStdio/tinystdio.o

.debug_macro
 *(.debug_macro)

.ARM.attributes
 *(.ARM.attributes)
 *(.gnu.attributes)

.note.gnu.arm.ident
 *(.note.gnu.arm.ident)

/DISCARD/
 *(.note.GNU-stack)
 *(.gnu_debuglink)
 *(.gnu.lto_*)
OUTPUT(dvrboot.exe elf64-littleaarch64)
